[index] building new index...
[crawler] root=https://qarnot.com/ depth=3 prevent_outside=True use_async_env=True
[crawler] fetched 65 pages from https://qarnot.com/
[crawler] https://qarnot.com/: got 65 docs
[crawler] root=https://qarnot.com/documentation/overview depth=3 prevent_outside=True use_async_env=True
[crawler] fetched 33 pages from https://qarnot.com/documentation/overview
[crawler] https://qarnot.com/documentation/overview: got 33 docs
[js-crawler] starting recursive crawl from https://doc.tasq.qarnot.com/documentation (max_depth=3)
[js-crawler] [1] depth=0 https://doc.tasq.qarnot.com/documentation
[js-crawler] [2] depth=1 https://doc.tasq.qarnot.com/documentation/
[js-crawler] crawled 2 pages, got 2 documents
[crawler] https://doc.tasq.qarnot.com/documentation: got 2 docs
[js-crawler] starting recursive crawl from https://doc.tasq.qarnot.com/documentation/en/home (max_depth=3)
[js-crawler] [1] depth=0 https://doc.tasq.qarnot.com/documentation/en/home
[js-crawler] crawled 1 pages, got 1 documents
[crawler] https://doc.tasq.qarnot.com/documentation/en/home: got 1 docs
[js-crawler] starting recursive crawl from https://doc.tasq.qarnot.com/documentation/sdk-python/ (max_depth=3)
[js-crawler] [1] depth=0 https://doc.tasq.qarnot.com/documentation/sdk-python/
[js-crawler] [2] depth=1 https://doc.tasq.qarnot.com/documentation/sdk-python/installation.html
[js-crawler] [3] depth=1 https://doc.tasq.qarnot.com/documentation/sdk-python/basic.html
[js-crawler] [4] depth=1 https://doc.tasq.qarnot.com/documentation/sdk-python/qarnot.html
[js-crawler] [5] depth=1 https://doc.tasq.qarnot.com/documentation/sdk-python/_sources/index.rst.txt
[js-crawler] [6] depth=1 https://doc.tasq.qarnot.com/documentation/sdk-python/genindex.html
[js-crawler] [7] depth=1 https://doc.tasq.qarnot.com/documentation/sdk-python/py-modindex.html
[js-crawler] [8] depth=2 https://doc.tasq.qarnot.com/documentation/sdk-python/index.html
[js-crawler] [9] depth=2 https://doc.tasq.qarnot.com/documentation/sdk-python/_sources/installation.rst.txt
[js-crawler] [10] depth=2 https://doc.tasq.qarnot.com/documentation/sdk-python/_sources/basic.rst.txt
[js-crawler] [11] depth=2 https://doc.tasq.qarnot.com/documentation/sdk-python/api/connection.html
[js-crawler] [12] depth=2 https://doc.tasq.qarnot.com/documentation/sdk-python/api/compute/computeindex.html
[js-crawler] [13] depth=2 https://doc.tasq.qarnot.com/documentation/sdk-python/api/storage/storageindex.html
[js-crawler] [14] depth=2 https://doc.tasq.qarnot.com/documentation/sdk-python/api/exceptions.html
[js-crawler] [15] depth=2 https://doc.tasq.qarnot.com/documentation/sdk-python/_sources/qarnot.rst.txt
[js-crawler] [16] depth=2 https://doc.tasq.qarnot.com/documentation/sdk-python/api/compute/secrets.html
[js-crawler] [17] depth=2 https://doc.tasq.qarnot.com/documentation/sdk-python/api/storage/advanced_bucket.html
[js-crawler] [18] depth=2 https://doc.tasq.qarnot.com/documentation/sdk-python/api/storage/bucket.html
[js-crawler] [19] depth=2 https://doc.tasq.qarnot.com/documentation/sdk-python/api/compute/carbon_facts.html
[js-crawler] [20] depth=2 https://doc.tasq.qarnot.com/documentation/sdk-python/api/compute/forced_network_rule.html
[js-crawler] [21] depth=2 https://doc.tasq.qarnot.com/documentation/sdk-python/api/compute/hardware_constraint.html
[js-crawler] [22] depth=2 https://doc.tasq.qarnot.com/documentation/sdk-python/api/compute/job.html
[js-crawler] [23] depth=2 https://doc.tasq.qarnot.com/documentation/sdk-python/api/compute/paginate.html
[js-crawler] [24] depth=2 https://doc.tasq.qarnot.com/documentation/sdk-python/api/compute/pool.html
[js-crawler] [25] depth=2 https://doc.tasq.qarnot.com/documentation/sdk-python/api/compute/privileges.html
[js-crawler] [26] depth=2 https://doc.tasq.qarnot.com/documentation/sdk-python/api/compute/retry_settings.html
[js-crawler] [27] depth=2 https://doc.tasq.qarnot.com/documentation/sdk-python/api/compute/scheduling_type.html
[js-crawler] [28] depth=2 https://doc.tasq.qarnot.com/documentation/sdk-python/api/compute/status.html
[js-crawler] [29] depth=2 https://doc.tasq.qarnot.com/documentation/sdk-python/api/storage/storage.html
[js-crawler] [30] depth=2 https://doc.tasq.qarnot.com/documentation/sdk-python/api/compute/task.html
[js-crawler] [31] depth=3 https://doc.tasq.qarnot.com/documentation/sdk-python/_sources/api/connection.rst.txt
[js-crawler] [32] depth=3 https://doc.tasq.qarnot.com/documentation/sdk-python/_modules/qarnot/connection.html
[js-crawler] [33] depth=3 https://doc.tasq.qarnot.com/documentation/sdk-python/_sources/api/compute/computeindex.rst.txt
[js-crawler] [34] depth=3 https://doc.tasq.qarnot.com/documentation/sdk-python/_sources/api/storage/storageindex.rst.txt
[js-crawler] [35] depth=3 https://doc.tasq.qarnot.com/documentation/sdk-python/_sources/api/exceptions.rst.txt
[js-crawler] [36] depth=3 https://doc.tasq.qarnot.com/documentation/sdk-python/_modules/qarnot/exceptions.html
[js-crawler] [37] depth=3 https://doc.tasq.qarnot.com/documentation/sdk-python/_sources/api/compute/secrets.rst.txt
[js-crawler] [38] depth=3 https://doc.tasq.qarnot.com/documentation/sdk-python/_modules/qarnot/secrets.html
[js-crawler] [39] depth=3 https://doc.tasq.qarnot.com/documentation/sdk-python/_sources/api/storage/advanced_bucket.rst.txt
[js-crawler] [40] depth=3 https://doc.tasq.qarnot.com/documentation/sdk-python/_modules/qarnot/advanced_bucket.html
[js-crawler] [41] depth=3 https://doc.tasq.qarnot.com/documentation/sdk-python/_sources/api/storage/bucket.rst.txt
[js-crawler] [42] depth=3 https://doc.tasq.qarnot.com/documentation/sdk-python/_modules/qarnot/bucket.html
[js-crawler] [43] depth=3 https://doc.tasq.qarnot.com/documentation/sdk-python/_sources/api/compute/carbon_facts.rst.txt
[js-crawler] [44] depth=3 https://doc.tasq.qarnot.com/documentation/sdk-python/_modules/qarnot/carbon_facts.html
[js-crawler] [45] depth=3 https://doc.tasq.qarnot.com/documentation/sdk-python/_sources/api/compute/forced_network_rule.rst.txt
[js-crawler] [46] depth=3 https://doc.tasq.qarnot.com/documentation/sdk-python/_modules/qarnot/forced_network_rule.html
[js-crawler] [47] depth=3 https://doc.tasq.qarnot.com/documentation/sdk-python/_sources/api/compute/hardware_constraint.rst.txt
[js-crawler] [48] depth=3 https://doc.tasq.qarnot.com/documentation/sdk-python/_modules/qarnot/hardware_constraint.html
[js-crawler] [49] depth=3 https://doc.tasq.qarnot.com/documentation/sdk-python/_sources/api/compute/job.rst.txt
[js-crawler] [50] depth=3 https://doc.tasq.qarnot.com/documentation/sdk-python/_modules/qarnot/job.html
[js-crawler] [51] depth=3 https://doc.tasq.qarnot.com/documentation/sdk-python/_sources/api/compute/paginate.rst.txt
[js-crawler] [52] depth=3 https://doc.tasq.qarnot.com/documentation/sdk-python/_modules/qarnot/paginate.html
[js-crawler] [53] depth=3 https://doc.tasq.qarnot.com/documentation/sdk-python/_sources/api/compute/pool.rst.txt
[js-crawler] [54] depth=3 https://doc.tasq.qarnot.com/documentation/sdk-python/_modules/qarnot/pool.html
[js-crawler] [55] depth=3 https://doc.tasq.qarnot.com/documentation/sdk-python/_sources/api/compute/privileges.rst.txt
[js-crawler] [56] depth=3 https://doc.tasq.qarnot.com/documentation/sdk-python/_modules/qarnot/privileges.html
[js-crawler] [57] depth=3 https://doc.tasq.qarnot.com/documentation/sdk-python/_sources/api/compute/retry_settings.rst.txt
[js-crawler] [58] depth=3 https://doc.tasq.qarnot.com/documentation/sdk-python/_modules/qarnot/retry_settings.html
[js-crawler] [59] depth=3 https://doc.tasq.qarnot.com/documentation/sdk-python/_sources/api/compute/scheduling_type.rst.txt
[js-crawler] [60] depth=3 https://doc.tasq.qarnot.com/documentation/sdk-python/_modules/qarnot/scheduling_type.html
[js-crawler] [61] depth=3 https://doc.tasq.qarnot.com/documentation/sdk-python/_sources/api/compute/status.rst.txt
[js-crawler] [62] depth=3 https://doc.tasq.qarnot.com/documentation/sdk-python/_modules/qarnot/status.html
[js-crawler] [63] depth=3 https://doc.tasq.qarnot.com/documentation/sdk-python/_sources/api/storage/storage.rst.txt
[js-crawler] [64] depth=3 https://doc.tasq.qarnot.com/documentation/sdk-python/_modules/qarnot/storage.html
[js-crawler] [65] depth=3 https://doc.tasq.qarnot.com/documentation/sdk-python/_sources/api/compute/task.rst.txt
[js-crawler] [66] depth=3 https://doc.tasq.qarnot.com/documentation/sdk-python/_modules/qarnot/task.html
[js-crawler] crawled 66 pages, got 66 documents
[crawler] https://doc.tasq.qarnot.com/documentation/sdk-python/: got 66 docs
[js-crawler] starting recursive crawl from https://doc.tasq.qarnot.com/documentation/en/monitoring-debugging/ (max_depth=3)
[js-crawler] [1] depth=0 https://doc.tasq.qarnot.com/documentation/en/monitoring-debugging/
[js-crawler] crawled 1 pages, got 1 documents
[crawler] https://doc.tasq.qarnot.com/documentation/en/monitoring-debugging/: got 1 docs
[js-crawler] starting recursive crawl from https://doc.tasq.qarnot.com/documentation/en/how-to/ (max_depth=3)
[js-crawler] [1] depth=0 https://doc.tasq.qarnot.com/documentation/en/how-to/
[js-crawler] crawled 1 pages, got 1 documents
[crawler] https://doc.tasq.qarnot.com/documentation/en/how-to/: got 1 docs
[crawler] total after filter+dedup: 168
[git] cloning https://github.com/qarnot/blog-samples.git (branch=main) into /var/folders/sv/gw2vmjyj76127fb810fv0tf80000gn/T/qarnot_repo_ip29y7xl
[git] loading 3 files from ansys-fluent/
[git] loading 2 files from openfoam-foundation/
[git] loading 2 files from openfoam/
[git] loading 3 files from ls-dyna/
[git] total repo docs: 10
[index] total docs (web + git): 178
[index] chunks: 1340 (code: 20, web: 1320)
[index] saved FAISS index to /Users/chloe/Documents/CODE/chatbot-mvp/index/index-faiss
[index] saved 1340 chunks for BM25 to /Users/chloe/Documents/CODE/chatbot-mvp/index/index-faiss/chunks.pkl
[index] building new index...
[crawler] root=https://qarnot.com/ depth=3 prevent_outside=True use_async_env=True
[crawler] fetched 56 pages from https://qarnot.com/
[crawler] https://qarnot.com/: got 56 docs
[crawler] root=https://qarnot.com/documentation/overview depth=3 prevent_outside=True use_async_env=True
[crawler] fetched 33 pages from https://qarnot.com/documentation/overview
[crawler] https://qarnot.com/documentation/overview: got 33 docs
[js-crawler] starting recursive crawl from https://doc.tasq.qarnot.com/documentation (max_depth=3)
[js-crawler] [1] depth=0 https://doc.tasq.qarnot.com/documentation
[js-crawler] [2] depth=1 https://doc.tasq.qarnot.com/documentation/
[js-crawler] crawled 2 pages, got 2 documents
[crawler] https://doc.tasq.qarnot.com/documentation: got 2 docs
[js-crawler] starting recursive crawl from https://doc.tasq.qarnot.com/documentation/en/home (max_depth=3)
[js-crawler] [1] depth=0 https://doc.tasq.qarnot.com/documentation/en/home
[js-crawler] crawled 1 pages, got 1 documents
[crawler] https://doc.tasq.qarnot.com/documentation/en/home: got 1 docs
[js-crawler] starting recursive crawl from https://doc.tasq.qarnot.com/documentation/sdk-python/ (max_depth=3)
[js-crawler] [1] depth=0 https://doc.tasq.qarnot.com/documentation/sdk-python/
[js-crawler] [2] depth=1 https://doc.tasq.qarnot.com/documentation/sdk-python/installation.html
[js-crawler] [3] depth=1 https://doc.tasq.qarnot.com/documentation/sdk-python/basic.html
[js-crawler] [4] depth=1 https://doc.tasq.qarnot.com/documentation/sdk-python/qarnot.html
[js-crawler] [5] depth=1 https://doc.tasq.qarnot.com/documentation/sdk-python/_sources/index.rst.txt
[js-crawler] [6] depth=1 https://doc.tasq.qarnot.com/documentation/sdk-python/genindex.html
[js-crawler] [7] depth=1 https://doc.tasq.qarnot.com/documentation/sdk-python/py-modindex.html
[js-crawler] [8] depth=2 https://doc.tasq.qarnot.com/documentation/sdk-python/index.html
[js-crawler] [9] depth=2 https://doc.tasq.qarnot.com/documentation/sdk-python/_sources/installation.rst.txt
[js-crawler] [10] depth=2 https://doc.tasq.qarnot.com/documentation/sdk-python/_sources/basic.rst.txt
[js-crawler] [11] depth=2 https://doc.tasq.qarnot.com/documentation/sdk-python/api/connection.html
[js-crawler] [12] depth=2 https://doc.tasq.qarnot.com/documentation/sdk-python/api/compute/computeindex.html
[js-crawler] [13] depth=2 https://doc.tasq.qarnot.com/documentation/sdk-python/api/storage/storageindex.html
[js-crawler] [14] depth=2 https://doc.tasq.qarnot.com/documentation/sdk-python/api/exceptions.html
[js-crawler] [15] depth=2 https://doc.tasq.qarnot.com/documentation/sdk-python/_sources/qarnot.rst.txt
[js-crawler] [16] depth=2 https://doc.tasq.qarnot.com/documentation/sdk-python/api/compute/secrets.html
[js-crawler] [17] depth=2 https://doc.tasq.qarnot.com/documentation/sdk-python/api/storage/advanced_bucket.html
[js-crawler] [18] depth=2 https://doc.tasq.qarnot.com/documentation/sdk-python/api/storage/bucket.html
[js-crawler] [19] depth=2 https://doc.tasq.qarnot.com/documentation/sdk-python/api/compute/carbon_facts.html
[js-crawler] [20] depth=2 https://doc.tasq.qarnot.com/documentation/sdk-python/api/compute/forced_network_rule.html
[js-crawler] [21] depth=2 https://doc.tasq.qarnot.com/documentation/sdk-python/api/compute/hardware_constraint.html
[js-crawler] [22] depth=2 https://doc.tasq.qarnot.com/documentation/sdk-python/api/compute/job.html
[js-crawler] [23] depth=2 https://doc.tasq.qarnot.com/documentation/sdk-python/api/compute/paginate.html
[js-crawler] [24] depth=2 https://doc.tasq.qarnot.com/documentation/sdk-python/api/compute/pool.html
[js-crawler] [25] depth=2 https://doc.tasq.qarnot.com/documentation/sdk-python/api/compute/privileges.html
[js-crawler] [26] depth=2 https://doc.tasq.qarnot.com/documentation/sdk-python/api/compute/retry_settings.html
[js-crawler] [27] depth=2 https://doc.tasq.qarnot.com/documentation/sdk-python/api/compute/scheduling_type.html
[js-crawler] [28] depth=2 https://doc.tasq.qarnot.com/documentation/sdk-python/api/compute/status.html
[js-crawler] [29] depth=2 https://doc.tasq.qarnot.com/documentation/sdk-python/api/storage/storage.html
[js-crawler] [30] depth=2 https://doc.tasq.qarnot.com/documentation/sdk-python/api/compute/task.html
[js-crawler] [31] depth=3 https://doc.tasq.qarnot.com/documentation/sdk-python/_sources/api/connection.rst.txt
[js-crawler] [32] depth=3 https://doc.tasq.qarnot.com/documentation/sdk-python/_modules/qarnot/connection.html
[js-crawler] [33] depth=3 https://doc.tasq.qarnot.com/documentation/sdk-python/_sources/api/compute/computeindex.rst.txt
[js-crawler] [34] depth=3 https://doc.tasq.qarnot.com/documentation/sdk-python/_sources/api/storage/storageindex.rst.txt
[js-crawler] [35] depth=3 https://doc.tasq.qarnot.com/documentation/sdk-python/_sources/api/exceptions.rst.txt
[js-crawler] [36] depth=3 https://doc.tasq.qarnot.com/documentation/sdk-python/_modules/qarnot/exceptions.html
[js-crawler] [37] depth=3 https://doc.tasq.qarnot.com/documentation/sdk-python/_sources/api/compute/secrets.rst.txt
[js-crawler] [38] depth=3 https://doc.tasq.qarnot.com/documentation/sdk-python/_modules/qarnot/secrets.html
[js-crawler] [39] depth=3 https://doc.tasq.qarnot.com/documentation/sdk-python/_sources/api/storage/advanced_bucket.rst.txt
[js-crawler] [40] depth=3 https://doc.tasq.qarnot.com/documentation/sdk-python/_modules/qarnot/advanced_bucket.html
[js-crawler] [41] depth=3 https://doc.tasq.qarnot.com/documentation/sdk-python/_sources/api/storage/bucket.rst.txt
[js-crawler] [42] depth=3 https://doc.tasq.qarnot.com/documentation/sdk-python/_modules/qarnot/bucket.html
[js-crawler] [43] depth=3 https://doc.tasq.qarnot.com/documentation/sdk-python/_sources/api/compute/carbon_facts.rst.txt
[js-crawler] [44] depth=3 https://doc.tasq.qarnot.com/documentation/sdk-python/_modules/qarnot/carbon_facts.html
[js-crawler] [45] depth=3 https://doc.tasq.qarnot.com/documentation/sdk-python/_sources/api/compute/forced_network_rule.rst.txt
[js-crawler] [46] depth=3 https://doc.tasq.qarnot.com/documentation/sdk-python/_modules/qarnot/forced_network_rule.html
[js-crawler] [47] depth=3 https://doc.tasq.qarnot.com/documentation/sdk-python/_sources/api/compute/hardware_constraint.rst.txt
[js-crawler] [48] depth=3 https://doc.tasq.qarnot.com/documentation/sdk-python/_modules/qarnot/hardware_constraint.html
[js-crawler] [49] depth=3 https://doc.tasq.qarnot.com/documentation/sdk-python/_sources/api/compute/job.rst.txt
[js-crawler] [50] depth=3 https://doc.tasq.qarnot.com/documentation/sdk-python/_modules/qarnot/job.html
[js-crawler] [51] depth=3 https://doc.tasq.qarnot.com/documentation/sdk-python/_sources/api/compute/paginate.rst.txt
[js-crawler] [52] depth=3 https://doc.tasq.qarnot.com/documentation/sdk-python/_modules/qarnot/paginate.html
[js-crawler] [53] depth=3 https://doc.tasq.qarnot.com/documentation/sdk-python/_sources/api/compute/pool.rst.txt
[js-crawler] [54] depth=3 https://doc.tasq.qarnot.com/documentation/sdk-python/_modules/qarnot/pool.html
[js-crawler] [55] depth=3 https://doc.tasq.qarnot.com/documentation/sdk-python/_sources/api/compute/privileges.rst.txt
[js-crawler] [56] depth=3 https://doc.tasq.qarnot.com/documentation/sdk-python/_modules/qarnot/privileges.html
[js-crawler] [57] depth=3 https://doc.tasq.qarnot.com/documentation/sdk-python/_sources/api/compute/retry_settings.rst.txt
[js-crawler] [58] depth=3 https://doc.tasq.qarnot.com/documentation/sdk-python/_modules/qarnot/retry_settings.html
[js-crawler] [59] depth=3 https://doc.tasq.qarnot.com/documentation/sdk-python/_sources/api/compute/scheduling_type.rst.txt
[js-crawler] [60] depth=3 https://doc.tasq.qarnot.com/documentation/sdk-python/_modules/qarnot/scheduling_type.html
[js-crawler] [61] depth=3 https://doc.tasq.qarnot.com/documentation/sdk-python/_sources/api/compute/status.rst.txt
[js-crawler] [62] depth=3 https://doc.tasq.qarnot.com/documentation/sdk-python/_modules/qarnot/status.html
[js-crawler] [63] depth=3 https://doc.tasq.qarnot.com/documentation/sdk-python/_sources/api/storage/storage.rst.txt
[js-crawler] [64] depth=3 https://doc.tasq.qarnot.com/documentation/sdk-python/_modules/qarnot/storage.html
[js-crawler] [65] depth=3 https://doc.tasq.qarnot.com/documentation/sdk-python/_sources/api/compute/task.rst.txt
[js-crawler] [66] depth=3 https://doc.tasq.qarnot.com/documentation/sdk-python/_modules/qarnot/task.html
[js-crawler] crawled 66 pages, got 66 documents
[crawler] https://doc.tasq.qarnot.com/documentation/sdk-python/: got 66 docs
[js-crawler] starting recursive crawl from https://doc.tasq.qarnot.com/documentation/en/monitoring-debugging/ (max_depth=3)
[js-crawler] [1] depth=0 https://doc.tasq.qarnot.com/documentation/en/monitoring-debugging/
[js-crawler] crawled 1 pages, got 1 documents
[crawler] https://doc.tasq.qarnot.com/documentation/en/monitoring-debugging/: got 1 docs
[js-crawler] starting recursive crawl from https://doc.tasq.qarnot.com/documentation/en/how-to/docker-how-to/push-image-to-qarnot-registry (max_depth=3)
[js-crawler] [1] depth=0 https://doc.tasq.qarnot.com/documentation/en/how-to/docker-how-to/push-image-to-qarnot-registry
[js-crawler] crawled 1 pages, got 1 documents
[crawler] https://doc.tasq.qarnot.com/documentation/en/how-to/docker-how-to/push-image-to-qarnot-registry: got 1 docs
[js-crawler] starting recursive crawl from https://doc.tasq.qarnot.com/documentation/en/how-to/docker-how-to/use-docker-application (max_depth=3)
[js-crawler] [1] depth=0 https://doc.tasq.qarnot.com/documentation/en/how-to/docker-how-to/use-docker-application
[js-crawler] crawled 1 pages, got 1 documents
[crawler] https://doc.tasq.qarnot.com/documentation/en/how-to/docker-how-to/use-docker-application: got 1 docs
[crawler] total after filter+dedup: 160
[git] cloning https://github.com/qarnot/blog-samples.git (branch=main) into /var/folders/sv/gw2vmjyj76127fb810fv0tf80000gn/T/qarnot_repo_5jazwqwp
[git] loading 3 files from ansys-fluent/
[git] loading 2 files from openfoam-foundation/
[git] loading 2 files from openfoam/
[git] loading 3 files from ls-dyna/
[git] total repo docs: 10
[index] total docs (web + git): 170
[index] chunks: 1273 (code: 20, web: 1253)
[index] saved FAISS index to /Users/chloe/Documents/CODE/chatbot-mvp/index/index-faiss
[index] saved 1273 chunks for BM25 to /Users/chloe/Documents/CODE/chatbot-mvp/index/index-faiss/chunks.pkl
